vite v8.3.0 building client environment for mock...
transforming...
✓ 1030 modules transformed.
rendering chunks...
computing gzip size...
node_modules/.cache/mock-build/index.html                                                        1.61 kB │ gzip:   0.84 kB
node_modules/.cache/mock-build/assets/ibm-plex-mono-vietnamese-500-normal-C8zxqsMH.woff          5.61 kB
node_modules/.cache/mock-build/assets/ibm-plex-mono-vietnamese-400-normal-DDuiU_S-.woff          5.62 kB
node_modules/.cache/mock-build/assets/ibm-plex-mono-cyrillic-ext-500-normal-BIfNGwUT.woff        5.77 kB
node_modules/.cache/mock-build/assets/ibm-plex-mono-cyrillic-ext-400-normal-DMdlQ8Kv.woff        5.82 kB
node_modules/.cache/mock-build/assets/ibm-plex-mono-vietnamese-400-normal-BulugwFq.woff2         5.86 kB
node_modules/.cache/mock-build/assets/ibm-plex-mono-vietnamese-500-normal-DZ4AoWbu.woff2         6.04 kB
node_modules/.cache/mock-build/assets/barlow-condensed-vietnamese-500-normal-CsrJDWc5.woff       6.04 kB
node_modules/.cache/mock-build/assets/barlow-condensed-vietnamese-600-normal-CNlPk46_.woff       6.07 kB
node_modules/.cache/mock-build/assets/barlow-condensed-vietnamese-700-normal-DhIzd8Tb.woff       6.09 kB
node_modules/.cache/mock-build/assets/ibm-plex-sans-vietnamese-400-normal-fK1oJ5dG.woff          6.39 kB
node_modules/.cache/mock-build/assets/ibm-plex-sans-vietnamese-700-normal-BV5B8Are.woff          6.42 kB
node_modules/.cache/mock-build/assets/ibm-plex-sans-vietnamese-600-normal-DgdngZtN.woff          6.58 kB
node_modules/.cache/mock-build/assets/ibm-plex-sans-vietnamese-500-normal-BEb3_waV.woff          6.58 kB
node_modules/.cache/mock-build/assets/ibm-plex-mono-cyrillic-ext-400-normal-xuaO2J-f.woff2       6.91 kB
node_modules/.cache/mock-build/assets/ibm-plex-mono-cyrillic-ext-500-normal-BqneJy0T.woff2       6.97 kB
node_modules/.cache/mock-build/assets/ibm-plex-mono-cyrillic-400-normal-CEL4l2ZJ.woff            7.20 kB
node_modules/.cache/mock-build/assets/ibm-plex-mono-cyrillic-500-normal-Ael50iVv.woff            7.20 kB
node_modules/.cache/mock-build/assets/barlow-condensed-vietnamese-500-normal-DjeaNLFD.woff2      7.52 kB
node_modules/.cache/mock-build/assets/barlow-condensed-vietnamese-700-normal-DYeBwlKR.woff2      7.63 kB
node_modules/.cache/mock-build/assets/barlow-condensed-vietnamese-600-normal-A5AYRdjN.woff2      7.69 kB
node_modules/.cache/mock-build/assets/ibm-plex-sans-vietnamese-400-normal-DG4YqDda.woff2         8.20 kB
node_modules/.cache/mock-build/assets/ibm-plex-sans-vietnamese-700-normal-CkEo6LDy.woff2         8.22 kB
node_modules/.cache/mock-build/assets/ibm-plex-mono-cyrillic-400-normal-BSMlKf0J.woff2           8.35 kB
node_modules/.cache/mock-build/assets/ibm-plex-sans-vietnamese-500-normal-e4dixQRQ.woff2         8.41 kB
node_modules/.cache/mock-build/assets/ibm-plex-mono-cyrillic-500-normal-Bq9vWWag.woff2           8.46 kB
node_modules/.cache/mock-build/assets/ibm-plex-sans-vietnamese-600-normal-DpPYBSTl.woff2         8.46 kB
node_modules/.cache/mock-build/assets/ibm-plex-sans-greek-700-normal-CkZN0sRy.woff               8.74 kB
node_modules/.cache/mock-build/assets/ibm-plex-sans-greek-400-normal-D9ESIMu3.woff               8.76 kB
node_modules/.cache/mock-build/assets/ibm-plex-sans-greek-500-normal-CuWXN6rf.woff               9.14 kB
node_modules/.cache/mock-build/assets/ibm-plex-sans-greek-600-normal-D-CqTdkO.woff               9.22 kB
node_modules/.cache/mock-build/assets/ibm-plex-sans-greek-700-normal-wyJ6jzdA.woff2              9.92 kB
node_modules/.cache/mock-build/assets/ibm-plex-sans-greek-400-normal-_efipK4i.woff2              9.94 kB
node_modules/.cache/mock-build/assets/ibm-plex-sans-cyrillic-ext-700-normal-DCQwxkRk.woff       10.16 kB
node_modules/.cache/mock-build/assets/ibm-plex-sans-cyrillic-ext-400-normal-Dsrv2Tcn.woff       10.28 kB
node_modules/.cache/mock-build/assets/ibm-plex-sans-greek-600-normal-DzTrcv_p.woff2             10.36 kB
node_modules/.cache/mock-build/assets/ibm-plex-sans-greek-500-normal-JMMifIXV.woff2             10.37 kB
node_modules/.cache/mock-build/assets/ibm-plex-sans-cyrillic-ext-500-normal-DB5PtV2g.woff       10.59 kB
node_modules/.cache/mock-build/assets/ibm-plex-sans-cyrillic-ext-600-normal-Bz0x94Yp.woff       10.61 kB
node_modules/.cache/mock-build/assets/ibm-plex-mono-latin-ext-400-normal-D3D2R8hC.woff          11.76 kB
node_modules/.cache/mock-build/assets/ibm-plex-mono-latin-ext-500-normal-CZ70TYgx.woff          11.76 kB
node_modules/.cache/mock-build/assets/barlow-condensed-latin-ext-500-normal-B1RE8WP7.woff       11.86 kB
node_modules/.cache/mock-build/assets/barlow-condensed-latin-ext-600-normal-Clv9cIcR.woff       11.97 kB
node_modules/.cache/mock-build/assets/barlow-condensed-latin-ext-700-normal-BIHFfxf0.woff       11.98 kB
node_modules/.cache/mock-build/assets/ibm-plex-sans-cyrillic-ext-700-normal-BmRLXWpJ.woff2      12.05 kB
node_modules/.cache/mock-build/assets/ibm-plex-sans-cyrillic-ext-400-normal-g30qAdWV.woff2      12.14 kB
node_modules/.cache/mock-build/assets/ibm-plex-sans-cyrillic-ext-600-normal-DUMzJB7m.woff2      12.30 kB
node_modules/.cache/mock-build/assets/ibm-plex-sans-cyrillic-ext-500-normal-Cs5J6C77.woff2      12.30 kB
node_modules/.cache/mock-build/assets/ibm-plex-mono-latin-400-normal-CvHOgSBP.woff              13.14 kB
node_modules/.cache/mock-build/assets/ibm-plex-mono-latin-500-normal-CB9ihrfo.woff              13.15 kB
node_modules/.cache/mock-build/assets/ibm-plex-sans-cyrillic-700-normal-RFb1v-CK.woff           13.32 kB
node_modules/.cache/mock-build/assets/ibm-plex-mono-latin-ext-400-normal-BmRBH3aV.woff2         13.34 kB
node_modules/.cache/mock-build/assets/ibm-plex-mono-latin-ext-500-normal-CAhNIIs5.woff2         13.43 kB
node_modules/.cache/mock-build/assets/ibm-plex-sans-cyrillic-400-normal-BTotfTJu.woff           13.51 kB
node_modules/.cache/mock-build/assets/ibm-plex-sans-cyrillic-500-normal-ByOcLdNv.woff           13.85 kB
node_modules/.cache/mock-build/assets/ibm-plex-sans-cyrillic-600-normal-BGq0mW3O.woff           13.88 kB
node_modules/.cache/mock-build/assets/barlow-condensed-latin-ext-500-normal-yA5ONLQ9.woff2      14.18 kB
node_modules/.cache/mock-build/assets/ibm-plex-sans-latin-ext-400-normal-RBey6euL.woff          14.36 kB
node_modules/.cache/mock-build/assets/ibm-plex-sans-latin-ext-700-normal-DZH6Xh-4.woff          14.42 kB
node_modules/.cache/mock-build/assets/barlow-condensed-latin-ext-600-normal-18ESti3H.woff2      14.51 kB
node_modules/.cache/mock-build/assets/ibm-plex-sans-cyrillic-700-normal-D_uavGvn.woff2          14.57 kB
node_modules/.cache/mock-build/assets/barlow-condensed-latin-ext-700-normal-CwuXbfVR.woff2      14.64 kB
node_modules/.cache/mock-build/assets/ibm-plex-mono-latin-400-normal-DMJ8VG8y.woff2             14.70 kB
node_modules/.cache/mock-build/assets/ibm-plex-sans-latin-ext-500-normal-D0aIdm-b.woff          14.73 kB
node_modules/.cache/mock-build/assets/ibm-plex-sans-latin-ext-600-normal-DIrixKbi.woff          14.77 kB
node_modules/.cache/mock-build/assets/ibm-plex-sans-cyrillic-400-normal-DZqxrq2p.woff2          14.80 kB
node_modules/.cache/mock-build/assets/ibm-plex-mono-latin-500-normal-DSY6xOcd.woff2             14.88 kB
node_modules/.cache/mock-build/assets/ibm-plex-sans-cyrillic-500-normal-CocWQlwt.woff2          15.00 kB
node_modules/.cache/mock-build/assets/ibm-plex-sans-cyrillic-600-normal-71GNu3SW.woff2          15.04 kB
node_modules/.cache/mock-build/assets/ibm-plex-sans-latin-ext-400-normal-C5H60-Va.woff2         15.98 kB
node_modules/.cache/mock-build/assets/ibm-plex-sans-latin-ext-700-normal-aMgXseD4.woff2         16.18 kB
node_modules/.cache/mock-build/assets/ibm-plex-sans-latin-ext-600-normal-DOrvGEcy.woff2         16.44 kB
node_modules/.cache/mock-build/assets/ibm-plex-sans-latin-ext-500-normal-DakdToA3.woff2         16.45 kB
node_modules/.cache/mock-build/assets/barlow-condensed-latin-500-normal-HIEiP5Ov.woff           18.60 kB
node_modules/.cache/mock-build/assets/barlow-condensed-latin-700-normal-Dmwat-ge.woff           18.82 kB
node_modules/.cache/mock-build/assets/barlow-condensed-latin-600-normal-BFJEwTuo.woff           18.89 kB
node_modules/.cache/mock-build/assets/barlow-condensed-latin-500-normal-BgYH2mbd.woff2          21.42 kB
node_modules/.cache/mock-build/assets/ibm-plex-sans-latin-400-normal-CYLoc0-x.woff              22.10 kB
node_modules/.cache/mock-build/assets/ibm-plex-sans-latin-700-normal-Bth3BMcD.woff              22.28 kB
node_modules/.cache/mock-build/assets/barlow-condensed-latin-600-normal-DepVgxBB.woff2          22.30 kB
node_modules/.cache/mock-build/assets/barlow-condensed-latin-700-normal-v1xN8_Wq.woff2          22.44 kB
node_modules/.cache/mock-build/assets/ibm-plex-sans-latin-400-normal-CDDApCn2.woff2             22.58 kB
node_modules/.cache/mock-build/assets/ibm-plex-sans-latin-700-normal-Bxkt5Cjx.woff2             22.83 kB
node_modules/.cache/mock-build/assets/ibm-plex-sans-latin-600-normal-Cu4Hd6ag.woff              23.87 kB
node_modules/.cache/mock-build/assets/ibm-plex-sans-latin-500-normal-BgVn5rGT.woff              23.91 kB
node_modules/.cache/mock-build/assets/ibm-plex-sans-latin-500-normal-6ng42L7E.woff2             24.18 kB
node_modules/.cache/mock-build/assets/ibm-plex-sans-latin-600-normal-CuJfVYMP.woff2             24.25 kB
node_modules/.cache/mock-build/assets/index-CpX3dtjU.css                                        86.64 kB │ gzip:  16.16 kB
node_modules/.cache/mock-build/assets/alice-in-wonderland-BaA2YwQ5.js                          177.36 kB │ gzip:  61.88 kB
node_modules/.cache/mock-build/assets/index-Dxqeaqyp.js                                      1,749.60 kB │ gzip: 523.53 kB

[plugin builtin:vite-reporter]
(!) Some chunks are larger than 500 kB after minification. Consider:
- Using dynamic import() to code-split the application
- Use build.rolldownOptions.output.codeSplitting to improve chunking: https://rolldown.rs/reference/OutputOptions.codeSplitting
- Adjust chunk size limit for this warning via build.chunkSizeWarningLimit.
✓ built in 1.48s
